// Jest Snapshot v1, https://goo.gl/fbAQLP

exports[`components/Layout render responsive layout 1`] = `undefined`;
