// Jest Snapshot v1, https://goo.gl/fbAQLP

exports[`components/Theme/GlobalStyles should provide GlobalStyles 1`] = `[Function]`;
